../Core/Inc/lcd.h:19:22:HAL_Delay_Us	24	static
../Core/Src/lcd.c:4:10:HAL_Delay_Us_Init	4	static,ignoring_inline_asm
../Core/Src/lcd.c:19:6:Lcd_Port	16	static
../Core/Src/lcd.c:32:6:Lcd_Send_Cmd	24	static
../Core/Src/lcd.c:41:6:Lcd_Send_Char	24	static
../Core/Src/lcd.c:50:6:Lcd_Clear	8	static
../Core/Src/lcd.c:56:6:Lcd_Set_Cursor	24	static
../Core/Src/lcd.c:79:6:Lcd_Init	8	static
../Core/Src/lcd.c:103:6:Lcd_Send_String	16	static
../Core/Src/lcd.c:108:6:Lcd_Shift_Right	8	static
../Core/Src/lcd.c:113:6:Lcd_Shift_Left	8	static
../Core/Src/lcd.c:118:6:Lcd_Blink	8	static
../Core/Src/lcd.c:123:6:Lcd_NoBlink	8	static
../Core/Src/lcd.c:128:6:Lcd_CGRAM_CreateChar	24	static
../Core/Src/lcd.c:140:6:Lcd_CGRAM_WriteChar	16	static
