../Core/Src/main.c:69:6:Delay_us	24	static,ignoring_inline_asm
../Core/Src/main.c:79:6:enviar_senal	8	static
../Core/Src/main.c:88:7:Medir_Distancia	24	static,ignoring_inline_asm
../Core/Src/main.c:130:6:HAL_TIM_PeriodElapsedCallback	16	static
../Core/Src/main.c:144:5:main	8	static
../Core/Src/main.c:215:6:SystemClock_Config	72	static
../Core/Src/main.c:255:13:MX_TIM2_Init	32	static
../Core/Src/main.c:300:13:MX_GPIO_Init	40	static
../Core/Src/main.c:362:6:Error_Handler	4	static,ignoring_inline_asm
