12:50:08 **** Incremental Build of configuration Debug for project Lab2_Nombres ****
make -j12 all 
arm-none-eabi-gcc "../Core/Src/main.c" -mcpu=cortex-m3 -std=gnu11 -g3 -DDEBUG -DUSE_HAL_DRIVER -DSTM32F103x6 -c -I../Core/Inc -I../Drivers/STM32F1xx_HAL_Driver/Inc/Legacy -I../Drivers/STM32F1xx_HAL_Driver/Inc -I../Drivers/CMSIS/Device/ST/STM32F1xx/Include -I../Drivers/CMSIS/Include -O0 -ffunction-sections -fdata-sections -Wall -fstack-usage -fcyclomatic-complexity -MMD -MP -MF"Core/Src/main.d" -MT"Core/Src/main.o" --specs=nano.specs -mfloat-abi=soft -mthumb -o "Core/Src/main.o"
arm-none-eabi-gcc -o "Lab2_Nombres.elf" @"objects.list"   -mcpu=cortex-m3 -T"C:\Users\Joyce Garcia\STM32CubeIDE\workspace_2.2.0\repo_1\MPEI_10_2026\Lab2_Nombres\STM32F103C6TX_FLASH.ld" --specs=nosys.specs -Wl,-Map="Lab2_Nombres.map" -Wl,--gc-sections -static --specs=nano.specs -mfloat-abi=soft -mthumb -Wl,--start-group -lc -lm -Wl,--end-group
Finished building target: Lab2_Nombres.elf
 
arm-none-eabi-size  Lab2_Nombres.elf 
arm-none-eabi-objdump -h -S Lab2_Nombres.elf  > "Lab2_Nombres.list"
   text	   data	    bss	    dec	    hex	filename
  12108	    156	   2004	  14268	   37bc	Lab2_Nombres.elf
arm-none-eabi-objcopy  -O ihex Lab2_Nombres.elf  "Lab2_Nombres.hex"
Finished building: default.size.stdout
 
Finished building: Lab2_Nombres.list
Finished building: Lab2_Nombres.hex
 
 
